2023-04-23 19:11:59 [   DEBUG] Started executable: `C:\chromedriver\chromedriver.EXE` in a child process with pid: 14860 (service.py:207)
2023-04-23 19:11:59 [   DEBUG] POST http://localhost:60057/session {"capabilities": {"firstMatch": [{}], "alwaysMatch": {"browserName": "chrome", "pageLoadStrategy": "normal", "goog:chromeOptions": {"extensions": [], "args": []}}}} (remote_connection.py:303)
2023-04-23 19:11:59 [   DEBUG] Starting new HTTP connection (1): localhost:60057 (connectionpool.py:228)
2023-04-23 19:12:00 [   DEBUG] http://localhost:60057 "POST /session HTTP/1.1" 200 859 (connectionpool.py:456)
2023-04-23 19:12:00 [   DEBUG] Remote response: status=200 | data={"value":{"capabilities":{"acceptInsecureCerts":false,"browserName":"chrome","browserVersion":"112.0.5615.138","chrome":{"chromedriverVersion":"112.0.5615.49 (bd2a7bcb881c11e8cfe3078709382934e3916914-refs/branch-heads/5615@{#936})","userDataDir":"C:\\Users\\evpri\\AppData\\Local\\Temp\\scoped_dir14860_489628869"},"goog:chromeOptions":{"debuggerAddress":"localhost:60061"},"networkConnectionEnabled":false,"pageLoadStrategy":"normal","platformName":"windows","proxy":{},"setWindowRect":true,"strictFileInteractability":false,"timeouts":{"implicit":0,"pageLoad":300000,"script":30000},"unhandledPromptBehavior":"dismiss and notify","webauthn:extension:credBlob":true,"webauthn:extension:largeBlob":true,"webauthn:extension:minPinLength":true,"webauthn:extension:prf":true,"webauthn:virtualAuthenticators":true},"sessionId":"25fae9f64df70d045a3a286001a070c7"}} | headers=HTTPHeaderDict({'Content-Length': '859', 'Content-Type': 'application/json; charset=utf-8', 'cache-control': 'no-cache'}) (remote_connection.py:319)
2023-04-23 19:12:00 [   DEBUG] Finished Request (remote_connection.py:346)
2023-04-23 19:12:00 [   DEBUG] POST http://localhost:60057/session/25fae9f64df70d045a3a286001a070c7/url {"url": "https://ya.ru/"} (remote_connection.py:303)
2023-04-23 19:12:00 [   DEBUG] http://localhost:60057 "POST /session/25fae9f64df70d045a3a286001a070c7/url HTTP/1.1" 200 14 (connectionpool.py:456)
2023-04-23 19:12:00 [   DEBUG] Remote response: status=200 | data={"value":null} | headers=HTTPHeaderDict({'Content-Length': '14', 'Content-Type': 'application/json; charset=utf-8', 'cache-control': 'no-cache'}) (remote_connection.py:319)
2023-04-23 19:12:00 [   DEBUG] Finished Request (remote_connection.py:346)
2023-04-23 19:12:20 [   DEBUG] POST http://localhost:60057/session/25fae9f64df70d045a3a286001a070c7/element {"using": "css selector", "value": "input[class*=search3__input]"} (remote_connection.py:303)
2023-04-23 19:12:20 [   DEBUG] http://localhost:60057 "POST /session/25fae9f64df70d045a3a286001a070c7/element HTTP/1.1" 200 88 (connectionpool.py:456)
2023-04-23 19:12:20 [   DEBUG] Remote response: status=200 | data={"value":{"element-6066-11e4-a52e-4f735466cecf":"262b27c6-fadd-4019-9142-aa3b34b1acb9"}} | headers=HTTPHeaderDict({'Content-Length': '88', 'Content-Type': 'application/json; charset=utf-8', 'cache-control': 'no-cache'}) (remote_connection.py:319)
2023-04-23 19:12:20 [   DEBUG] Finished Request (remote_connection.py:346)
2023-04-23 19:12:20 [   DEBUG] POST http://localhost:60057/session/25fae9f64df70d045a3a286001a070c7/element/262b27c6-fadd-4019-9142-aa3b34b1acb9/click {"id": "262b27c6-fadd-4019-9142-aa3b34b1acb9"} (remote_connection.py:303)
2023-04-23 19:12:20 [   DEBUG] http://localhost:60057 "POST /session/25fae9f64df70d045a3a286001a070c7/element/262b27c6-fadd-4019-9142-aa3b34b1acb9/click HTTP/1.1" 200 14 (connectionpool.py:456)
2023-04-23 19:12:20 [   DEBUG] Remote response: status=200 | data={"value":null} | headers=HTTPHeaderDict({'Content-Length': '14', 'Content-Type': 'application/json; charset=utf-8', 'cache-control': 'no-cache'}) (remote_connection.py:319)
2023-04-23 19:12:20 [   DEBUG] Finished Request (remote_connection.py:346)
2023-04-23 19:12:20 [   DEBUG] POST http://localhost:60057/session/25fae9f64df70d045a3a286001a070c7/element/262b27c6-fadd-4019-9142-aa3b34b1acb9/value {"text": "\u0422\u0435\u043d\u0437\u043e\u0440", "value": ["\u0422", "\u0435", "\u043d", "\u0437", "\u043e", "\u0440"], "id": "262b27c6-fadd-4019-9142-aa3b34b1acb9"} (remote_connection.py:303)
2023-04-23 19:12:20 [   DEBUG] http://localhost:60057 "POST /session/25fae9f64df70d045a3a286001a070c7/element/262b27c6-fadd-4019-9142-aa3b34b1acb9/value HTTP/1.1" 200 14 (connectionpool.py:456)
2023-04-23 19:12:20 [   DEBUG] Remote response: status=200 | data={"value":null} | headers=HTTPHeaderDict({'Content-Length': '14', 'Content-Type': 'application/json; charset=utf-8', 'cache-control': 'no-cache'}) (remote_connection.py:319)
2023-04-23 19:12:20 [   DEBUG] Finished Request (remote_connection.py:346)
2023-04-23 19:12:20 [   DEBUG] POST http://localhost:60057/session/25fae9f64df70d045a3a286001a070c7/element {"using": "css selector", "value": "ul[class*=mini-suggest__popup-content]"} (remote_connection.py:303)
2023-04-23 19:12:20 [   DEBUG] http://localhost:60057 "POST /session/25fae9f64df70d045a3a286001a070c7/element HTTP/1.1" 200 88 (connectionpool.py:456)
2023-04-23 19:12:20 [   DEBUG] Remote response: status=200 | data={"value":{"element-6066-11e4-a52e-4f735466cecf":"4a2f072a-8974-4c18-b9f0-05f0064aff98"}} | headers=HTTPHeaderDict({'Content-Length': '88', 'Content-Type': 'application/json; charset=utf-8', 'cache-control': 'no-cache'}) (remote_connection.py:319)
2023-04-23 19:12:20 [   DEBUG] Finished Request (remote_connection.py:346)
2023-04-23 19:12:20 [   DEBUG] POST http://localhost:60057/session/25fae9f64df70d045a3a286001a070c7/element {"using": "css selector", "value": "button[class*=search3__button]"} (remote_connection.py:303)
2023-04-23 19:12:20 [   DEBUG] http://localhost:60057 "POST /session/25fae9f64df70d045a3a286001a070c7/element HTTP/1.1" 200 88 (connectionpool.py:456)
2023-04-23 19:12:20 [   DEBUG] Remote response: status=200 | data={"value":{"element-6066-11e4-a52e-4f735466cecf":"e0e60dff-8bd8-42ca-ac65-bd269a594c2f"}} | headers=HTTPHeaderDict({'Content-Length': '88', 'Content-Type': 'application/json; charset=utf-8', 'cache-control': 'no-cache'}) (remote_connection.py:319)
2023-04-23 19:12:20 [   DEBUG] Finished Request (remote_connection.py:346)
2023-04-23 19:12:20 [   DEBUG] POST http://localhost:60057/session/25fae9f64df70d045a3a286001a070c7/element/e0e60dff-8bd8-42ca-ac65-bd269a594c2f/click {"id": "e0e60dff-8bd8-42ca-ac65-bd269a594c2f"} (remote_connection.py:303)
2023-04-23 19:12:20 [   DEBUG] http://localhost:60057 "POST /session/25fae9f64df70d045a3a286001a070c7/element/e0e60dff-8bd8-42ca-ac65-bd269a594c2f/click HTTP/1.1" 200 14 (connectionpool.py:456)
2023-04-23 19:12:20 [   DEBUG] Remote response: status=200 | data={"value":null} | headers=HTTPHeaderDict({'Content-Length': '14', 'Content-Type': 'application/json; charset=utf-8', 'cache-control': 'no-cache'}) (remote_connection.py:319)
2023-04-23 19:12:20 [   DEBUG] Finished Request (remote_connection.py:346)
2023-04-23 19:12:20 [   DEBUG] GET http://localhost:60057/session/25fae9f64df70d045a3a286001a070c7/url {} (remote_connection.py:303)
2023-04-23 19:12:21 [   DEBUG] http://localhost:60057 "GET /session/25fae9f64df70d045a3a286001a070c7/url HTTP/1.1" 200 119 (connectionpool.py:456)
2023-04-23 19:12:21 [   DEBUG] Remote response: status=200 | data={"value":"https://yandex.ru/search/?text=%D0%A2%D0%B5%D0%BD%D0%B7%D0%BE%D1%80&search_source=yaru_desktop_common&lr=54"} | headers=HTTPHeaderDict({'Content-Length': '119', 'Content-Type': 'application/json; charset=utf-8', 'cache-control': 'no-cache'}) (remote_connection.py:319)
2023-04-23 19:12:21 [   DEBUG] Finished Request (remote_connection.py:346)
2023-04-23 19:12:21 [   DEBUG] POST http://localhost:60057/session/25fae9f64df70d045a3a286001a070c7/elements {"using": "css selector", "value": "div[class*=Path]"} (remote_connection.py:303)
2023-04-23 19:12:21 [   DEBUG] http://localhost:60057 "POST /session/25fae9f64df70d045a3a286001a070c7/elements HTTP/1.1" 200 801 (connectionpool.py:456)
2023-04-23 19:12:21 [   DEBUG] Remote response: status=200 | data={"value":[{"element-6066-11e4-a52e-4f735466cecf":"20c25fb7-0f2d-42fe-934c-e26985b06dee"},{"element-6066-11e4-a52e-4f735466cecf":"408034e8-d8c8-423f-a478-66968bd18366"},{"element-6066-11e4-a52e-4f735466cecf":"deb5180c-4fe9-4062-bdb4-c9ba240ecc6f"},{"element-6066-11e4-a52e-4f735466cecf":"576ee1d1-caf1-4d6c-813b-5880c8bc7e41"},{"element-6066-11e4-a52e-4f735466cecf":"01c84d69-8be1-465a-9fb5-1e0f12df9912"},{"element-6066-11e4-a52e-4f735466cecf":"9ff6628c-5941-453e-96c2-ee45480df85b"},{"element-6066-11e4-a52e-4f735466cecf":"fc47d89b-4555-44c7-8113-fcbd2673dcf1"},{"element-6066-11e4-a52e-4f735466cecf":"4f792ab9-0652-415f-8f74-dc38f06b253a"},{"element-6066-11e4-a52e-4f735466cecf":"10ea382c-e694-48b6-9123-380edcdcb4b4"},{"element-6066-11e4-a52e-4f735466cecf":"da4ff11e-1048-44d7-b341-59442fd4151e"}]} | headers=HTTPHeaderDict({'Content-Length': '801', 'Content-Type': 'application/json; charset=utf-8', 'cache-control': 'no-cache'}) (remote_connection.py:319)
2023-04-23 19:12:21 [   DEBUG] Finished Request (remote_connection.py:346)
2023-04-23 19:12:21 [   DEBUG] GET http://localhost:60057/session/25fae9f64df70d045a3a286001a070c7/element/20c25fb7-0f2d-42fe-934c-e26985b06dee/text {"id": "20c25fb7-0f2d-42fe-934c-e26985b06dee"} (remote_connection.py:303)
2023-04-23 19:12:21 [   DEBUG] http://localhost:60057 "GET /session/25fae9f64df70d045a3a286001a070c7/element/20c25fb7-0f2d-42fe-934c-e26985b06dee/text HTTP/1.1" 200 21 (connectionpool.py:456)
2023-04-23 19:12:21 [   DEBUG] Remote response: status=200 | data={"value":"tensor.ru"} | headers=HTTPHeaderDict({'Content-Length': '21', 'Content-Type': 'application/json; charset=utf-8', 'cache-control': 'no-cache'}) (remote_connection.py:319)
2023-04-23 19:12:21 [   DEBUG] Finished Request (remote_connection.py:346)
2023-04-23 19:12:21 [   DEBUG] GET http://localhost:60057/session/25fae9f64df70d045a3a286001a070c7/element/20c25fb7-0f2d-42fe-934c-e26985b06dee/text {"id": "20c25fb7-0f2d-42fe-934c-e26985b06dee"} (remote_connection.py:303)
2023-04-23 19:12:21 [   DEBUG] http://localhost:60057 "GET /session/25fae9f64df70d045a3a286001a070c7/element/20c25fb7-0f2d-42fe-934c-e26985b06dee/text HTTP/1.1" 200 21 (connectionpool.py:456)
2023-04-23 19:12:21 [   DEBUG] Remote response: status=200 | data={"value":"tensor.ru"} | headers=HTTPHeaderDict({'Content-Length': '21', 'Content-Type': 'application/json; charset=utf-8', 'cache-control': 'no-cache'}) (remote_connection.py:319)
2023-04-23 19:12:21 [   DEBUG] Finished Request (remote_connection.py:346)
2023-04-23 19:12:21 [   DEBUG] GET http://localhost:60057/session/25fae9f64df70d045a3a286001a070c7/element/408034e8-d8c8-423f-a478-66968bd18366/text {"id": "408034e8-d8c8-423f-a478-66968bd18366"} (remote_connection.py:303)
2023-04-23 19:12:21 [   DEBUG] http://localhost:60057 "GET /session/25fae9f64df70d045a3a286001a070c7/element/408034e8-d8c8-423f-a478-66968bd18366/text HTTP/1.1" 200 43 (connectionpool.py:456)
2023-04-23 19:12:21 [   DEBUG] Remote response: status=200 | data={"value":"ru.wikipedia.org›Тензор"} | headers=HTTPHeaderDict({'Content-Length': '43', 'Content-Type': 'application/json; charset=utf-8', 'cache-control': 'no-cache'}) (remote_connection.py:319)
2023-04-23 19:12:21 [   DEBUG] Finished Request (remote_connection.py:346)
2023-04-23 19:12:21 [   DEBUG] GET http://localhost:60057/session/25fae9f64df70d045a3a286001a070c7/element/408034e8-d8c8-423f-a478-66968bd18366/text {"id": "408034e8-d8c8-423f-a478-66968bd18366"} (remote_connection.py:303)
2023-04-23 19:12:21 [   DEBUG] http://localhost:60057 "GET /session/25fae9f64df70d045a3a286001a070c7/element/408034e8-d8c8-423f-a478-66968bd18366/text HTTP/1.1" 200 43 (connectionpool.py:456)
2023-04-23 19:12:21 [   DEBUG] Remote response: status=200 | data={"value":"ru.wikipedia.org›Тензор"} | headers=HTTPHeaderDict({'Content-Length': '43', 'Content-Type': 'application/json; charset=utf-8', 'cache-control': 'no-cache'}) (remote_connection.py:319)
2023-04-23 19:12:21 [   DEBUG] Finished Request (remote_connection.py:346)
2023-04-23 19:12:21 [   DEBUG] GET http://localhost:60057/session/25fae9f64df70d045a3a286001a070c7/element/deb5180c-4fe9-4062-bdb4-c9ba240ecc6f/text {"id": "deb5180c-4fe9-4062-bdb4-c9ba240ecc6f"} (remote_connection.py:303)
2023-04-23 19:12:21 [   DEBUG] http://localhost:60057 "GET /session/25fae9f64df70d045a3a286001a070c7/element/deb5180c-4fe9-4062-bdb4-c9ba240ecc6f/text HTTP/1.1" 200 86 (connectionpool.py:456)
2023-04-23 19:12:21 [   DEBUG] Remote response: status=200 | data={"value":"2gis.ru›Екатеринбург›Электронные подписи"} | headers=HTTPHeaderDict({'Content-Length': '86', 'Content-Type': 'application/json; charset=utf-8', 'cache-control': 'no-cache'}) (remote_connection.py:319)
2023-04-23 19:12:21 [   DEBUG] Finished Request (remote_connection.py:346)
2023-04-23 19:12:21 [   DEBUG] GET http://localhost:60057/session/25fae9f64df70d045a3a286001a070c7/element/deb5180c-4fe9-4062-bdb4-c9ba240ecc6f/text {"id": "deb5180c-4fe9-4062-bdb4-c9ba240ecc6f"} (remote_connection.py:303)
2023-04-23 19:12:21 [   DEBUG] http://localhost:60057 "GET /session/25fae9f64df70d045a3a286001a070c7/element/deb5180c-4fe9-4062-bdb4-c9ba240ecc6f/text HTTP/1.1" 200 86 (connectionpool.py:456)
2023-04-23 19:12:21 [   DEBUG] Remote response: status=200 | data={"value":"2gis.ru›Екатеринбург›Электронные подписи"} | headers=HTTPHeaderDict({'Content-Length': '86', 'Content-Type': 'application/json; charset=utf-8', 'cache-control': 'no-cache'}) (remote_connection.py:319)
2023-04-23 19:12:21 [   DEBUG] Finished Request (remote_connection.py:346)
2023-04-23 19:12:21 [   DEBUG] GET http://localhost:60057/session/25fae9f64df70d045a3a286001a070c7/element/576ee1d1-caf1-4d6c-813b-5880c8bc7e41/text {"id": "576ee1d1-caf1-4d6c-813b-5880c8bc7e41"} (remote_connection.py:303)
2023-04-23 19:12:21 [   DEBUG] http://localhost:60057 "GET /session/25fae9f64df70d045a3a286001a070c7/element/576ee1d1-caf1-4d6c-813b-5880c8bc7e41/text HTTP/1.1" 200 42 (connectionpool.py:456)
2023-04-23 19:12:21 [   DEBUG] Remote response: status=200 | data={"value":"habr.com›ru/articles/261563/"} | headers=HTTPHeaderDict({'Content-Length': '42', 'Content-Type': 'application/json; charset=utf-8', 'cache-control': 'no-cache'}) (remote_connection.py:319)
2023-04-23 19:12:21 [   DEBUG] Finished Request (remote_connection.py:346)
2023-04-23 19:12:21 [   DEBUG] GET http://localhost:60057/session/25fae9f64df70d045a3a286001a070c7/element/576ee1d1-caf1-4d6c-813b-5880c8bc7e41/text {"id": "576ee1d1-caf1-4d6c-813b-5880c8bc7e41"} (remote_connection.py:303)
2023-04-23 19:12:21 [   DEBUG] http://localhost:60057 "GET /session/25fae9f64df70d045a3a286001a070c7/element/576ee1d1-caf1-4d6c-813b-5880c8bc7e41/text HTTP/1.1" 200 42 (connectionpool.py:456)
2023-04-23 19:12:21 [   DEBUG] Remote response: status=200 | data={"value":"habr.com›ru/articles/261563/"} | headers=HTTPHeaderDict({'Content-Length': '42', 'Content-Type': 'application/json; charset=utf-8', 'cache-control': 'no-cache'}) (remote_connection.py:319)
2023-04-23 19:12:21 [   DEBUG] Finished Request (remote_connection.py:346)
2023-04-23 19:12:21 [   DEBUG] GET http://localhost:60057/session/25fae9f64df70d045a3a286001a070c7/element/01c84d69-8be1-465a-9fb5-1e0f12df9912/text {"id": "01c84d69-8be1-465a-9fb5-1e0f12df9912"} (remote_connection.py:303)
2023-04-23 19:12:21 [   DEBUG] http://localhost:60057 "GET /session/25fae9f64df70d045a3a286001a070c7/element/01c84d69-8be1-465a-9fb5-1e0f12df9912/text HTTP/1.1" 200 35 (connectionpool.py:456)
2023-04-23 19:12:21 [   DEBUG] Remote response: status=200 | data={"value":"vk.com›tensor_company"} | headers=HTTPHeaderDict({'Content-Length': '35', 'Content-Type': 'application/json; charset=utf-8', 'cache-control': 'no-cache'}) (remote_connection.py:319)
2023-04-23 19:12:21 [   DEBUG] Finished Request (remote_connection.py:346)
2023-04-23 19:12:21 [   DEBUG] GET http://localhost:60057/session/25fae9f64df70d045a3a286001a070c7/element/01c84d69-8be1-465a-9fb5-1e0f12df9912/text {"id": "01c84d69-8be1-465a-9fb5-1e0f12df9912"} (remote_connection.py:303)
2023-04-23 19:12:21 [   DEBUG] http://localhost:60057 "GET /session/25fae9f64df70d045a3a286001a070c7/element/01c84d69-8be1-465a-9fb5-1e0f12df9912/text HTTP/1.1" 200 35 (connectionpool.py:456)
2023-04-23 19:12:21 [   DEBUG] Remote response: status=200 | data={"value":"vk.com›tensor_company"} | headers=HTTPHeaderDict({'Content-Length': '35', 'Content-Type': 'application/json; charset=utf-8', 'cache-control': 'no-cache'}) (remote_connection.py:319)
2023-04-23 19:12:21 [   DEBUG] Finished Request (remote_connection.py:346)
2023-04-23 19:12:21 [   DEBUG] GET http://localhost:60057/session/25fae9f64df70d045a3a286001a070c7/element/9ff6628c-5941-453e-96c2-ee45480df85b/text {"id": "9ff6628c-5941-453e-96c2-ee45480df85b"} (remote_connection.py:303)
2023-04-23 19:12:21 [   DEBUG] http://localhost:60057 "GET /session/25fae9f64df70d045a3a286001a070c7/element/9ff6628c-5941-453e-96c2-ee45480df85b/text HTTP/1.1" 200 64 (connectionpool.py:456)
2023-04-23 19:12:21 [   DEBUG] Remote response: status=200 | data={"value":"sbis.ru›Контакты›66-sverdlovskaya-oblast"} | headers=HTTPHeaderDict({'Content-Length': '64', 'Content-Type': 'application/json; charset=utf-8', 'cache-control': 'no-cache'}) (remote_connection.py:319)
2023-04-23 19:12:21 [   DEBUG] Finished Request (remote_connection.py:346)
2023-04-23 19:12:21 [   DEBUG] GET http://localhost:60057/session/25fae9f64df70d045a3a286001a070c7/element/9ff6628c-5941-453e-96c2-ee45480df85b/text {"id": "9ff6628c-5941-453e-96c2-ee45480df85b"} (remote_connection.py:303)
2023-04-23 19:12:21 [   DEBUG] http://localhost:60057 "GET /session/25fae9f64df70d045a3a286001a070c7/element/9ff6628c-5941-453e-96c2-ee45480df85b/text HTTP/1.1" 200 64 (connectionpool.py:456)
2023-04-23 19:12:21 [   DEBUG] Remote response: status=200 | data={"value":"sbis.ru›Контакты›66-sverdlovskaya-oblast"} | headers=HTTPHeaderDict({'Content-Length': '64', 'Content-Type': 'application/json; charset=utf-8', 'cache-control': 'no-cache'}) (remote_connection.py:319)
2023-04-23 19:12:21 [   DEBUG] Finished Request (remote_connection.py:346)
2023-04-23 19:12:21 [   DEBUG] GET http://localhost:60057/session/25fae9f64df70d045a3a286001a070c7/element/fc47d89b-4555-44c7-8113-fcbd2673dcf1/text {"id": "fc47d89b-4555-44c7-8113-fcbd2673dcf1"} (remote_connection.py:303)
2023-04-23 19:12:21 [   DEBUG] http://localhost:60057 "GET /session/25fae9f64df70d045a3a286001a070c7/element/fc47d89b-4555-44c7-8113-fcbd2673dcf1/text HTTP/1.1" 200 37 (connectionpool.py:456)
2023-04-23 19:12:21 [   DEBUG] Remote response: status=200 | data={"value":"youtube.com›channel/…"} | headers=HTTPHeaderDict({'Content-Length': '37', 'Content-Type': 'application/json; charset=utf-8', 'cache-control': 'no-cache'}) (remote_connection.py:319)
2023-04-23 19:12:21 [   DEBUG] Finished Request (remote_connection.py:346)
2023-04-23 19:12:21 [   DEBUG] GET http://localhost:60057/session/25fae9f64df70d045a3a286001a070c7/element/fc47d89b-4555-44c7-8113-fcbd2673dcf1/text {"id": "fc47d89b-4555-44c7-8113-fcbd2673dcf1"} (remote_connection.py:303)
2023-04-23 19:12:21 [   DEBUG] http://localhost:60057 "GET /session/25fae9f64df70d045a3a286001a070c7/element/fc47d89b-4555-44c7-8113-fcbd2673dcf1/text HTTP/1.1" 200 37 (connectionpool.py:456)
2023-04-23 19:12:21 [   DEBUG] Remote response: status=200 | data={"value":"youtube.com›channel/…"} | headers=HTTPHeaderDict({'Content-Length': '37', 'Content-Type': 'application/json; charset=utf-8', 'cache-control': 'no-cache'}) (remote_connection.py:319)
2023-04-23 19:12:21 [   DEBUG] Finished Request (remote_connection.py:346)
2023-04-23 19:12:21 [   DEBUG] GET http://localhost:60057/session/25fae9f64df70d045a3a286001a070c7/element/4f792ab9-0652-415f-8f74-dc38f06b253a/text {"id": "4f792ab9-0652-415f-8f74-dc38f06b253a"} (remote_connection.py:303)
2023-04-23 19:12:21 [   DEBUG] http://localhost:60057 "GET /session/25fae9f64df70d045a3a286001a070c7/element/4f792ab9-0652-415f-8f74-dc38f06b253a/text HTTP/1.1" 200 92 (connectionpool.py:456)
2023-04-23 19:12:21 [   DEBUG] Remote response: status=200 | data={"value":"yandex.ru›Екатеринбург›Удостоверяющие центры"} | headers=HTTPHeaderDict({'Content-Length': '92', 'Content-Type': 'application/json; charset=utf-8', 'cache-control': 'no-cache'}) (remote_connection.py:319)
2023-04-23 19:12:21 [   DEBUG] Finished Request (remote_connection.py:346)
2023-04-23 19:12:21 [   DEBUG] GET http://localhost:60057/session/25fae9f64df70d045a3a286001a070c7/element/4f792ab9-0652-415f-8f74-dc38f06b253a/text {"id": "4f792ab9-0652-415f-8f74-dc38f06b253a"} (remote_connection.py:303)
2023-04-23 19:12:21 [   DEBUG] http://localhost:60057 "GET /session/25fae9f64df70d045a3a286001a070c7/element/4f792ab9-0652-415f-8f74-dc38f06b253a/text HTTP/1.1" 200 92 (connectionpool.py:456)
2023-04-23 19:12:21 [   DEBUG] Remote response: status=200 | data={"value":"yandex.ru›Екатеринбург›Удостоверяющие центры"} | headers=HTTPHeaderDict({'Content-Length': '92', 'Content-Type': 'application/json; charset=utf-8', 'cache-control': 'no-cache'}) (remote_connection.py:319)
2023-04-23 19:12:21 [   DEBUG] Finished Request (remote_connection.py:346)
2023-04-23 19:12:21 [   DEBUG] GET http://localhost:60057/session/25fae9f64df70d045a3a286001a070c7/element/10ea382c-e694-48b6-9123-380edcdcb4b4/text {"id": "10ea382c-e694-48b6-9123-380edcdcb4b4"} (remote_connection.py:303)
2023-04-23 19:12:21 [   DEBUG] http://localhost:60057 "GET /session/25fae9f64df70d045a3a286001a070c7/element/10ea382c-e694-48b6-9123-380edcdcb4b4/text HTTP/1.1" 200 80 (connectionpool.py:456)
2023-04-23 19:12:21 [   DEBUG] Remote response: status=200 | data={"value":"medium.com›nuances…programming/что-такое-тензор…"} | headers=HTTPHeaderDict({'Content-Length': '80', 'Content-Type': 'application/json; charset=utf-8', 'cache-control': 'no-cache'}) (remote_connection.py:319)
2023-04-23 19:12:21 [   DEBUG] Finished Request (remote_connection.py:346)
2023-04-23 19:12:21 [   DEBUG] GET http://localhost:60057/session/25fae9f64df70d045a3a286001a070c7/element/10ea382c-e694-48b6-9123-380edcdcb4b4/text {"id": "10ea382c-e694-48b6-9123-380edcdcb4b4"} (remote_connection.py:303)
2023-04-23 19:12:21 [   DEBUG] http://localhost:60057 "GET /session/25fae9f64df70d045a3a286001a070c7/element/10ea382c-e694-48b6-9123-380edcdcb4b4/text HTTP/1.1" 200 80 (connectionpool.py:456)
2023-04-23 19:12:21 [   DEBUG] Remote response: status=200 | data={"value":"medium.com›nuances…programming/что-такое-тензор…"} | headers=HTTPHeaderDict({'Content-Length': '80', 'Content-Type': 'application/json; charset=utf-8', 'cache-control': 'no-cache'}) (remote_connection.py:319)
2023-04-23 19:12:21 [   DEBUG] Finished Request (remote_connection.py:346)
2023-04-23 19:12:21 [   DEBUG] GET http://localhost:60057/session/25fae9f64df70d045a3a286001a070c7/element/da4ff11e-1048-44d7-b341-59442fd4151e/text {"id": "da4ff11e-1048-44d7-b341-59442fd4151e"} (remote_connection.py:303)
2023-04-23 19:12:21 [   DEBUG] http://localhost:60057 "GET /session/25fae9f64df70d045a3a286001a070c7/element/da4ff11e-1048-44d7-b341-59442fd4151e/text HTTP/1.1" 200 47 (connectionpool.py:456)
2023-04-23 19:12:21 [   DEBUG] Remote response: status=200 | data={"value":"ekaterinburg.hh.ru›employer/67611"} | headers=HTTPHeaderDict({'Content-Length': '47', 'Content-Type': 'application/json; charset=utf-8', 'cache-control': 'no-cache'}) (remote_connection.py:319)
2023-04-23 19:12:21 [   DEBUG] Finished Request (remote_connection.py:346)
2023-04-23 19:12:21 [   DEBUG] GET http://localhost:60057/session/25fae9f64df70d045a3a286001a070c7/element/da4ff11e-1048-44d7-b341-59442fd4151e/text {"id": "da4ff11e-1048-44d7-b341-59442fd4151e"} (remote_connection.py:303)
2023-04-23 19:12:21 [   DEBUG] http://localhost:60057 "GET /session/25fae9f64df70d045a3a286001a070c7/element/da4ff11e-1048-44d7-b341-59442fd4151e/text HTTP/1.1" 200 47 (connectionpool.py:456)
2023-04-23 19:12:21 [   DEBUG] Remote response: status=200 | data={"value":"ekaterinburg.hh.ru›employer/67611"} | headers=HTTPHeaderDict({'Content-Length': '47', 'Content-Type': 'application/json; charset=utf-8', 'cache-control': 'no-cache'}) (remote_connection.py:319)
2023-04-23 19:12:21 [   DEBUG] Finished Request (remote_connection.py:346)
2023-04-23 19:12:21 [   DEBUG] POST http://localhost:60057/session/25fae9f64df70d045a3a286001a070c7/url {"url": "https://ya.ru/"} (remote_connection.py:303)
2023-04-23 19:12:21 [   DEBUG] http://localhost:60057 "POST /session/25fae9f64df70d045a3a286001a070c7/url HTTP/1.1" 200 14 (connectionpool.py:456)
2023-04-23 19:12:21 [   DEBUG] Remote response: status=200 | data={"value":null} | headers=HTTPHeaderDict({'Content-Length': '14', 'Content-Type': 'application/json; charset=utf-8', 'cache-control': 'no-cache'}) (remote_connection.py:319)
2023-04-23 19:12:21 [   DEBUG] Finished Request (remote_connection.py:346)
2023-04-23 19:12:21 [   DEBUG] POST http://localhost:60057/session/25fae9f64df70d045a3a286001a070c7/element {"using": "css selector", "value": "input[class*=search3__input]"} (remote_connection.py:303)
2023-04-23 19:12:21 [   DEBUG] http://localhost:60057 "POST /session/25fae9f64df70d045a3a286001a070c7/element HTTP/1.1" 200 88 (connectionpool.py:456)
2023-04-23 19:12:21 [   DEBUG] Remote response: status=200 | data={"value":{"element-6066-11e4-a52e-4f735466cecf":"6eb7ca65-0f59-45c7-a5b7-f74669ae4521"}} | headers=HTTPHeaderDict({'Content-Length': '88', 'Content-Type': 'application/json; charset=utf-8', 'cache-control': 'no-cache'}) (remote_connection.py:319)
2023-04-23 19:12:21 [   DEBUG] Finished Request (remote_connection.py:346)
2023-04-23 19:12:21 [   DEBUG] POST http://localhost:60057/session/25fae9f64df70d045a3a286001a070c7/element/6eb7ca65-0f59-45c7-a5b7-f74669ae4521/click {"id": "6eb7ca65-0f59-45c7-a5b7-f74669ae4521"} (remote_connection.py:303)
2023-04-23 19:12:21 [   DEBUG] http://localhost:60057 "POST /session/25fae9f64df70d045a3a286001a070c7/element/6eb7ca65-0f59-45c7-a5b7-f74669ae4521/click HTTP/1.1" 200 14 (connectionpool.py:456)
2023-04-23 19:12:21 [   DEBUG] Remote response: status=200 | data={"value":null} | headers=HTTPHeaderDict({'Content-Length': '14', 'Content-Type': 'application/json; charset=utf-8', 'cache-control': 'no-cache'}) (remote_connection.py:319)
2023-04-23 19:12:21 [   DEBUG] Finished Request (remote_connection.py:346)
2023-04-23 19:12:21 [   DEBUG] POST http://localhost:60057/session/25fae9f64df70d045a3a286001a070c7/element {"using": "css selector", "value": "a[class*=services-suggest__item-more]"} (remote_connection.py:303)
2023-04-23 19:12:21 [   DEBUG] http://localhost:60057 "POST /session/25fae9f64df70d045a3a286001a070c7/element HTTP/1.1" 200 88 (connectionpool.py:456)
2023-04-23 19:12:21 [   DEBUG] Remote response: status=200 | data={"value":{"element-6066-11e4-a52e-4f735466cecf":"8cc56788-e42e-4311-8592-3fc21d407518"}} | headers=HTTPHeaderDict({'Content-Length': '88', 'Content-Type': 'application/json; charset=utf-8', 'cache-control': 'no-cache'}) (remote_connection.py:319)
2023-04-23 19:12:21 [   DEBUG] Finished Request (remote_connection.py:346)
2023-04-23 19:12:21 [   DEBUG] POST http://localhost:60057/session/25fae9f64df70d045a3a286001a070c7/element/8cc56788-e42e-4311-8592-3fc21d407518/click {"id": "8cc56788-e42e-4311-8592-3fc21d407518"} (remote_connection.py:303)
2023-04-23 19:12:21 [   DEBUG] http://localhost:60057 "POST /session/25fae9f64df70d045a3a286001a070c7/element/8cc56788-e42e-4311-8592-3fc21d407518/click HTTP/1.1" 200 14 (connectionpool.py:456)
2023-04-23 19:12:21 [   DEBUG] Remote response: status=200 | data={"value":null} | headers=HTTPHeaderDict({'Content-Length': '14', 'Content-Type': 'application/json; charset=utf-8', 'cache-control': 'no-cache'}) (remote_connection.py:319)
2023-04-23 19:12:21 [   DEBUG] Finished Request (remote_connection.py:346)
2023-04-23 19:12:21 [   DEBUG] POST http://localhost:60057/session/25fae9f64df70d045a3a286001a070c7/element {"using": "css selector", "value": "a[aria-label*='\u041a\u0430\u0440\u0442\u0438\u043d\u043a\u0438']"} (remote_connection.py:303)
2023-04-23 19:12:21 [   DEBUG] http://localhost:60057 "POST /session/25fae9f64df70d045a3a286001a070c7/element HTTP/1.1" 200 88 (connectionpool.py:456)
2023-04-23 19:12:21 [   DEBUG] Remote response: status=200 | data={"value":{"element-6066-11e4-a52e-4f735466cecf":"896b80ce-290f-447e-8b79-3b62a2ec3af8"}} | headers=HTTPHeaderDict({'Content-Length': '88', 'Content-Type': 'application/json; charset=utf-8', 'cache-control': 'no-cache'}) (remote_connection.py:319)
2023-04-23 19:12:21 [   DEBUG] Finished Request (remote_connection.py:346)
2023-04-23 19:12:21 [   DEBUG] POST http://localhost:60057/session/25fae9f64df70d045a3a286001a070c7/element/896b80ce-290f-447e-8b79-3b62a2ec3af8/click {"id": "896b80ce-290f-447e-8b79-3b62a2ec3af8"} (remote_connection.py:303)
2023-04-23 19:12:22 [   DEBUG] http://localhost:60057 "POST /session/25fae9f64df70d045a3a286001a070c7/element/896b80ce-290f-447e-8b79-3b62a2ec3af8/click HTTP/1.1" 200 14 (connectionpool.py:456)
2023-04-23 19:12:22 [   DEBUG] Remote response: status=200 | data={"value":null} | headers=HTTPHeaderDict({'Content-Length': '14', 'Content-Type': 'application/json; charset=utf-8', 'cache-control': 'no-cache'}) (remote_connection.py:319)
2023-04-23 19:12:22 [   DEBUG] Finished Request (remote_connection.py:346)
2023-04-23 19:12:22 [   DEBUG] GET http://localhost:60057/session/25fae9f64df70d045a3a286001a070c7/window/handles {} (remote_connection.py:303)
2023-04-23 19:12:22 [   DEBUG] http://localhost:60057 "GET /session/25fae9f64df70d045a3a286001a070c7/window/handles HTTP/1.1" 200 81 (connectionpool.py:456)
2023-04-23 19:12:22 [   DEBUG] Remote response: status=200 | data={"value":["5A68EAFC38F9D9EE91A272B076D28492","47530D47AE0D7613A4917F56AC7F979F"]} | headers=HTTPHeaderDict({'Content-Length': '81', 'Content-Type': 'application/json; charset=utf-8', 'cache-control': 'no-cache'}) (remote_connection.py:319)
2023-04-23 19:12:22 [   DEBUG] Finished Request (remote_connection.py:346)
2023-04-23 19:12:22 [   DEBUG] POST http://localhost:60057/session/25fae9f64df70d045a3a286001a070c7/window {"handle": "47530D47AE0D7613A4917F56AC7F979F"} (remote_connection.py:303)
2023-04-23 19:12:22 [   DEBUG] http://localhost:60057 "POST /session/25fae9f64df70d045a3a286001a070c7/window HTTP/1.1" 200 14 (connectionpool.py:456)
2023-04-23 19:12:22 [   DEBUG] Remote response: status=200 | data={"value":null} | headers=HTTPHeaderDict({'Content-Length': '14', 'Content-Type': 'application/json; charset=utf-8', 'cache-control': 'no-cache'}) (remote_connection.py:319)
2023-04-23 19:12:22 [   DEBUG] Finished Request (remote_connection.py:346)
2023-04-23 19:12:22 [   DEBUG] GET http://localhost:60057/session/25fae9f64df70d045a3a286001a070c7/url {} (remote_connection.py:303)
2023-04-23 19:12:22 [   DEBUG] http://localhost:60057 "GET /session/25fae9f64df70d045a3a286001a070c7/url HTTP/1.1" 200 37 (connectionpool.py:456)
2023-04-23 19:12:22 [   DEBUG] Remote response: status=200 | data={"value":"https://yandex.ru/images/"} | headers=HTTPHeaderDict({'Content-Length': '37', 'Content-Type': 'application/json; charset=utf-8', 'cache-control': 'no-cache'}) (remote_connection.py:319)
2023-04-23 19:12:22 [   DEBUG] Finished Request (remote_connection.py:346)
2023-04-23 19:12:22 [   DEBUG] POST http://localhost:60057/session/25fae9f64df70d045a3a286001a070c7/element {"using": "css selector", "value": "a[class*=PopularRequestList-Preview]"} (remote_connection.py:303)
2023-04-23 19:12:22 [   DEBUG] http://localhost:60057 "POST /session/25fae9f64df70d045a3a286001a070c7/element HTTP/1.1" 200 88 (connectionpool.py:456)
2023-04-23 19:12:22 [   DEBUG] Remote response: status=200 | data={"value":{"element-6066-11e4-a52e-4f735466cecf":"7d19d135-219d-4d66-aaae-75c251b96239"}} | headers=HTTPHeaderDict({'Content-Length': '88', 'Content-Type': 'application/json; charset=utf-8', 'cache-control': 'no-cache'}) (remote_connection.py:319)
2023-04-23 19:12:22 [   DEBUG] Finished Request (remote_connection.py:346)
2023-04-23 19:12:22 [   DEBUG] GET http://localhost:60057/session/25fae9f64df70d045a3a286001a070c7/element/7d19d135-219d-4d66-aaae-75c251b96239/text {"id": "7d19d135-219d-4d66-aaae-75c251b96239"} (remote_connection.py:303)
2023-04-23 19:12:22 [   DEBUG] http://localhost:60057 "GET /session/25fae9f64df70d045a3a286001a070c7/element/7d19d135-219d-4d66-aaae-75c251b96239/text HTTP/1.1" 200 39 (connectionpool.py:456)
2023-04-23 19:12:22 [   DEBUG] Remote response: status=200 | data={"value":"Зимний Рассвет"} | headers=HTTPHeaderDict({'Content-Length': '39', 'Content-Type': 'application/json; charset=utf-8', 'cache-control': 'no-cache'}) (remote_connection.py:319)
2023-04-23 19:12:22 [   DEBUG] Finished Request (remote_connection.py:346)
2023-04-23 19:12:22 [   DEBUG] POST http://localhost:60057/session/25fae9f64df70d045a3a286001a070c7/element {"using": "css selector", "value": "a[class*=PopularRequestList-Preview]"} (remote_connection.py:303)
2023-04-23 19:12:22 [   DEBUG] http://localhost:60057 "POST /session/25fae9f64df70d045a3a286001a070c7/element HTTP/1.1" 200 88 (connectionpool.py:456)
2023-04-23 19:12:22 [   DEBUG] Remote response: status=200 | data={"value":{"element-6066-11e4-a52e-4f735466cecf":"7d19d135-219d-4d66-aaae-75c251b96239"}} | headers=HTTPHeaderDict({'Content-Length': '88', 'Content-Type': 'application/json; charset=utf-8', 'cache-control': 'no-cache'}) (remote_connection.py:319)
2023-04-23 19:12:22 [   DEBUG] Finished Request (remote_connection.py:346)
2023-04-23 19:12:22 [   DEBUG] POST http://localhost:60057/session/25fae9f64df70d045a3a286001a070c7/element/7d19d135-219d-4d66-aaae-75c251b96239/click {"id": "7d19d135-219d-4d66-aaae-75c251b96239"} (remote_connection.py:303)
2023-04-23 19:12:22 [   DEBUG] http://localhost:60057 "POST /session/25fae9f64df70d045a3a286001a070c7/element/7d19d135-219d-4d66-aaae-75c251b96239/click HTTP/1.1" 200 14 (connectionpool.py:456)
2023-04-23 19:12:22 [   DEBUG] Remote response: status=200 | data={"value":null} | headers=HTTPHeaderDict({'Content-Length': '14', 'Content-Type': 'application/json; charset=utf-8', 'cache-control': 'no-cache'}) (remote_connection.py:319)
2023-04-23 19:12:22 [   DEBUG] Finished Request (remote_connection.py:346)
2023-04-23 19:12:22 [   DEBUG] POST http://localhost:60057/session/25fae9f64df70d045a3a286001a070c7/element {"using": "xpath", "value": "/html/body/header/div/div[1]/div[2]/form/div[1]/span/span/input"} (remote_connection.py:303)
2023-04-23 19:12:22 [   DEBUG] http://localhost:60057 "POST /session/25fae9f64df70d045a3a286001a070c7/element HTTP/1.1" 404 1011 (connectionpool.py:456)
2023-04-23 19:12:22 [   DEBUG] Remote response: status=404 | data={"value":{"error":"no such element","message":"no such element: Unable to locate element: {\"method\":\"xpath\",\"selector\":\"/html/body/header/div/div[1]/div[2]/form/div[1]/span/span/input\"}\n  (Session info: chrome=112.0.5615.138)","stacktrace":"Backtrace:\n\tGetHandleVerifier [0x0076DCE3+50899]\n\t(No symbol) [0x006FE111]\n\t(No symbol) [0x00605588]\n\t(No symbol) [0x006308F9]\n\t(No symbol) [0x00630AFB]\n\t(No symbol) [0x0065F902]\n\t(No symbol) [0x0064B944]\n\t(No symbol) [0x0065E01C]\n\t(No symbol) [0x0064B6F6]\n\t(No symbol) [0x00627708]\n\t(No symbol) [0x0062886D]\n\tGetHandleVerifier [0x009D3EAE+2566302]\n\tGetHandleVerifier [0x00A092B1+2784417]\n\tGetHandleVerifier [0x00A0327C+2759788]\n\tGetHandleVerifier [0x00805740+672048]\n\t(No symbol) [0x00708872]\n\t(No symbol) [0x007041C8]\n\t(No symbol) [0x007042AB]\n\t(No symbol) [0x006F71B7]\n\tBaseThreadInitThunk [0x758F0099+25]\n\tRtlGetAppContainerNamedObjectPath [0x77407B6E+286]\n\tRtlGetAppContainerNamedObjectPath [0x77407B3E+238]\n"}} | headers=HTTPHeaderDict({'Content-Length': '1011', 'Content-Type': 'application/json; charset=utf-8', 'cache-control': 'no-cache'}) (remote_connection.py:319)
2023-04-23 19:12:22 [   DEBUG] Finished Request (remote_connection.py:346)
2023-04-23 19:12:23 [   DEBUG] POST http://localhost:60057/session/25fae9f64df70d045a3a286001a070c7/element {"using": "xpath", "value": "/html/body/header/div/div[1]/div[2]/form/div[1]/span/span/input"} (remote_connection.py:303)
2023-04-23 19:12:23 [   DEBUG] http://localhost:60057 "POST /session/25fae9f64df70d045a3a286001a070c7/element HTTP/1.1" 200 88 (connectionpool.py:456)
2023-04-23 19:12:23 [   DEBUG] Remote response: status=200 | data={"value":{"element-6066-11e4-a52e-4f735466cecf":"6e876fe6-f02f-464f-85cf-7baeb5455c2b"}} | headers=HTTPHeaderDict({'Content-Length': '88', 'Content-Type': 'application/json; charset=utf-8', 'cache-control': 'no-cache'}) (remote_connection.py:319)
2023-04-23 19:12:23 [   DEBUG] Finished Request (remote_connection.py:346)
2023-04-23 19:12:23 [   DEBUG] GET http://localhost:60057/session/25fae9f64df70d045a3a286001a070c7/element/6e876fe6-f02f-464f-85cf-7baeb5455c2b/text {"id": "6e876fe6-f02f-464f-85cf-7baeb5455c2b"} (remote_connection.py:303)
2023-04-23 19:12:23 [   DEBUG] http://localhost:60057 "GET /session/25fae9f64df70d045a3a286001a070c7/element/6e876fe6-f02f-464f-85cf-7baeb5455c2b/text HTTP/1.1" 200 12 (connectionpool.py:456)
2023-04-23 19:12:23 [   DEBUG] Remote response: status=200 | data={"value":""} | headers=HTTPHeaderDict({'Content-Length': '12', 'Content-Type': 'application/json; charset=utf-8', 'cache-control': 'no-cache'}) (remote_connection.py:319)
2023-04-23 19:12:23 [   DEBUG] Finished Request (remote_connection.py:346)
2023-04-23 19:12:23 [   DEBUG] DELETE http://localhost:60057/session/25fae9f64df70d045a3a286001a070c7 {} (remote_connection.py:303)
2023-04-23 19:12:23 [   DEBUG] http://localhost:60057 "DELETE /session/25fae9f64df70d045a3a286001a070c7 HTTP/1.1" 200 14 (connectionpool.py:456)
2023-04-23 19:12:23 [   DEBUG] Remote response: status=200 | data={"value":null} | headers=HTTPHeaderDict({'Content-Length': '14', 'Content-Type': 'application/json; charset=utf-8', 'cache-control': 'no-cache'}) (remote_connection.py:319)
2023-04-23 19:12:23 [   DEBUG] Finished Request (remote_connection.py:346)
